		
	
	
	
	
	
	
	
	
	
	
	
	
	
ЪхK─юxY┬Ф©╛?⌠╦─П3"Г├xU▓≈╥ЭF*RЗмоцуPпgЫ)ЪхK─юxY┬Ф©╛?⌠╦─П3"Г├xU▓≈╥ЭF*RЗмоцуPпgЫ)ЪхK─юxY┬Ф©╛?⌠╦─П3"Г├xU▓≈╥ЭF*RЗмоцуPпgЫ)ЪхK─юxY┬Ф©╛?⌠╦─П3"Г├xU▓≈╥ЭF*RЗмоцуPпgЫ)	
	
